[tradteleradiology.com/index.html]
[backblue.gif]
[fade.gif]
[index.html]
[tradteleradiology.com/wp-includes/css/dist/block-library/style.min0899.css]
[tradteleradiology.com/wp-content/plugins/contact-form-7/includes/css/styles9bd2.css]
[tradteleradiology.com/wp-content/plugins/ctcore/assets/css/cms-style0899.css]
[tradteleradiology.com/wp-content/plugins/ctcore/assets/css/owl.carousel.min0899.css]
[tradteleradiology.com/wp-content/themes/trad/assets/css/bootstrap.mincce7.css]
[tradteleradiology.com/wp-content/themes/trad/assets/css/font-awesome.min1849.css]
[tradteleradiology.com/wp-content/themes/trad/assets/css/font-awesome5.min3e35.css]
[tradteleradiology.com/wp-content/themes/trad/assets/css/material-design-iconic-font.min3601.css]
[tradteleradiology.com/wp-content/themes/trad/assets/css/flaticon8a54.css]
[tradteleradiology.com/wp-content/themes/trad/assets/css/themify-icons8a54.css]
[tradteleradiology.com/wp-content/themes/trad/assets/css/et-line8a54.css]
[tradteleradiology.com/wp-content/themes/trad/assets/css/magnific-popup8a54.css]
[tradteleradiology.com/wp-content/themes/trad/assets/css/theme0899.css]
[tradteleradiology.com/wp-content/themes/trad/assets/css/menu0899.css]
[tradteleradiology.com/wp-content/plugins/js_composer/assets/css/js_composer.mineba7.css]
[tradteleradiology.com/wp-includes/js/jquery/jquery.minf43b.js]
[tradteleradiology.com/wp-includes/js/jquery/jquery-migrate.min5589.js]
[tradteleradiology.com/xmlrpc0db0.php]
[tradteleradiology.com/wp-content/uploads/2024/04/fav.png]
[tradteleradiology.com/wp-content/uploads/2018/10/testi-bg-11258.jpg]
[cdn.jsdelivr.net/npm/swiper@11/swiper-bundle.min.css]
[tradteleradiology.com/wp-content/uploads/2024/05/logo.png]
[tradteleradiology.com/wp-content/plugins/revslider/public/assets/assets/dummy.png]
[tradteleradiology.com/wp-content/uploads/2024/04/aboutus02.jpg]
[tradteleradiology.com/wp-content/uploads/2024/04/aboutus01.jpg]
[tradteleradiology.com/wp-content/uploads/2024/04/banner03.jpg]
[tradteleradiology.com/wp-content/plugins/js_composer/assets/lib/bower/animate-css/animate.mineba7.css]
[tradteleradiology.com/wp-content/plugins/revslider/public/assets/css/rs6ec8f.css]
[tradteleradiology.com/wp-content/plugins/contact-form-7/includes/swv/js/index9bd2.js]
[tradteleradiology.com/wp-content/plugins/contact-form-7/includes/js/index9bd2.js]
[tradteleradiology.com/wp-content/plugins/ctcore/assets/js/ct-frontdc98.js]
[tradteleradiology.com/wp-content/plugins/revslider/public/assets/js/rbtools.minec8f.js]
[tradteleradiology.com/wp-content/plugins/revslider/public/assets/js/rs6.minec8f.js]
[tradteleradiology.com/wp-content/themes/trad/assets/js/bootstrap.mincce7.js]
[tradteleradiology.com/wp-content/themes/trad/assets/js/tiltdc98.js]
[tradteleradiology.com/wp-content/themes/trad/assets/js/nice-select.mindc98.js]
[tradteleradiology.com/wp-content/themes/trad/assets/js/enscrolldc98.js]
[tradteleradiology.com/wp-content/themes/trad/assets/js/match-height-min8a54.js]
[tradteleradiology.com/wp-content/themes/trad/assets/js/sidebar-scroll-fixed8a54.js]
[tradteleradiology.com/wp-content/themes/trad/assets/js/magnific-popup.min8a54.js]
[tradteleradiology.com/wp-content/themes/trad/assets/js/main0899.js]
[tradteleradiology.com/wp-content/plugins/ctcore/assets/js/one-pagedc98.js]
[tradteleradiology.com/wp-content/plugins/js_composer/assets/js/dist/js_composer_front.mineba7.js]
[tradteleradiology.com/wp-content/plugins/js_composer/assets/lib/bower/skrollr/dist/skrollr.mineba7.js]
[tradteleradiology.com/wp-content/plugins/js_composer/assets/lib/vc_waypoints/vc-waypoints.mineba7.js]
[tradteleradiology.com/wp-content/plugins/ctcore/assets/js/waypoints.min0899.js]
[tradteleradiology.com/wp-content/themes/trad/assets/js/counter.min0899.js]
[tradteleradiology.com/wp-content/themes/trad/assets/js/ct-counter0899.js]
[tradteleradiology.com/wp-content/plugins/ctcore/assets/js/owl.carousel.min0899.js]
[tradteleradiology.com/wp-content/themes/trad/assets/js/ct-carousel0899.js]
[cdn.jsdelivr.net/npm/swiper@9/swiper-bundle.min.js]
[img1.wsimg.com/signals/js/clients/scc-c2/scc-c2.min.js]
[tradteleradiology.com/index.html]
[tradteleradiology.com/feed/index.html]
[tradteleradiology.com/comments/feed/index.html]
[tradteleradiology.com/wp-includes/css/dist/block-library/style.min0899.css]
[tradteleradiology.com/wp-content/plugins/contact-form-7/includes/css/styles9bd2.css]
[tradteleradiology.com/wp-content/plugins/ctcore/assets/css/cms-style0899.css]
[tradteleradiology.com/wp-content/plugins/ctcore/assets/css/owl.carousel.min0899.css]
[tradteleradiology.com/wp-content/themes/trad/assets/css/bootstrap.mincce7.css]
[tradteleradiology.com/wp-content/themes/trad/assets/fonts/fontawesome-webfont3e6e.eot]
[tradteleradiology.com/wp-content/themes/trad/assets/fonts/fontawesome-webfontd41d.eot]
[tradteleradiology.com/wp-content/themes/trad/assets/fonts/fontawesome-webfont3e6e.woff2]
[tradteleradiology.com/wp-content/themes/trad/assets/fonts/fontawesome-webfont3e6e.woff]
[tradteleradiology.com/wp-content/themes/trad/assets/fonts/fontawesome-webfont3e6e.ttf]
[tradteleradiology.com/wp-content/themes/trad/assets/css/font-awesome.min1849.css]
[tradteleradiology.com/wp-content/themes/trad/assets/fonts/fontawesome/fa-brands-400.eot]
[tradteleradiology.com/wp-content/themes/trad/assets/fonts/fontawesome/fa-brands-400d41d.eot]
[tradteleradiology.com/wp-content/themes/trad/assets/fonts/fontawesome/fa-brands-400.woff2]
[tradteleradiology.com/wp-content/themes/trad/assets/fonts/fontawesome/fa-brands-400.woff]
[tradteleradiology.com/wp-content/themes/trad/assets/fonts/fontawesome/fa-brands-400.ttf]
[tradteleradiology.com/wp-content/themes/trad/assets/fonts/fontawesome/fa-light-300.eot]
[tradteleradiology.com/wp-content/themes/trad/assets/fonts/fontawesome/fa-light-300d41d.eot]
[tradteleradiology.com/wp-content/themes/trad/assets/fonts/fontawesome/fa-light-300.woff2]
[tradteleradiology.com/wp-content/themes/trad/assets/fonts/fontawesome/fa-light-300.woff]
[tradteleradiology.com/wp-content/themes/trad/assets/fonts/fontawesome/fa-light-300.ttf]
[tradteleradiology.com/wp-content/themes/trad/assets/fonts/fontawesome/fa-regular-400.eot]
[tradteleradiology.com/wp-content/themes/trad/assets/fonts/fontawesome/fa-regular-400d41d.eot]
[tradteleradiology.com/wp-content/themes/trad/assets/fonts/fontawesome/fa-regular-400.woff2]
[tradteleradiology.com/wp-content/themes/trad/assets/fonts/fontawesome/fa-regular-400.woff]
[tradteleradiology.com/wp-content/themes/trad/assets/fonts/fontawesome/fa-regular-400.ttf]
[tradteleradiology.com/wp-content/themes/trad/assets/fonts/fontawesome/fa-solid-900.eot]
[tradteleradiology.com/wp-content/themes/trad/assets/fonts/fontawesome/fa-solid-900d41d.eot]
[tradteleradiology.com/wp-content/themes/trad/assets/fonts/fontawesome/fa-solid-900.woff2]
[tradteleradiology.com/wp-content/themes/trad/assets/fonts/fontawesome/fa-solid-900.woff]
[tradteleradiology.com/wp-content/themes/trad/assets/fonts/fontawesome/fa-solid-900.ttf]
[tradteleradiology.com/wp-content/themes/trad/assets/css/font-awesome5.min3e35.css]
[tradteleradiology.com/wp-content/themes/trad/assets/fonts/Material-Design-Iconic-Fontd1f1.woff2]
[tradteleradiology.com/wp-content/themes/trad/assets/fonts/Material-Design-Iconic-Fontd1f1.woff]
[tradteleradiology.com/wp-content/themes/trad/assets/css/material-design-iconic-font.min3601.css]
[tradteleradiology.com/wp-content/themes/trad/assets/fonts/Material-Design-Iconic-Fontd1f1.ttf]
[tradteleradiology.com/wp-content/themes/trad/assets/fonts/Flaticon.eot]
[tradteleradiology.com/wp-content/themes/trad/assets/fonts/Flaticond41d.eot]
[tradteleradiology.com/wp-content/themes/trad/assets/fonts/Flaticon.woff]
[tradteleradiology.com/wp-content/themes/trad/assets/fonts/Flaticon.ttf]
[tradteleradiology.com/wp-content/themes/trad/assets/css/flaticon8a54.css]
[tradteleradiology.com/wp-content/themes/trad/assets/fonts/themify9f24.eot]
[tradteleradiology.com/wp-content/themes/trad/assets/fonts/themifyd41d.eot]
[tradteleradiology.com/wp-content/themes/trad/assets/fonts/themify9f24.woff]
[tradteleradiology.com/wp-content/themes/trad/assets/fonts/themify9f24.ttf]
[tradteleradiology.com/wp-content/themes/trad/assets/css/themify-icons8a54.css]
[tradteleradiology.com/wp-content/themes/trad/assets/fonts/et-line.eot]
[tradteleradiology.com/wp-content/themes/trad/assets/fonts/et-lined41d.eot]
[tradteleradiology.com/wp-content/themes/trad/assets/fonts/et-line.woff]
[tradteleradiology.com/wp-content/themes/trad/assets/fonts/et-line.ttf]
[tradteleradiology.com/wp-content/themes/trad/assets/css/et-line8a54.css]
[tradteleradiology.com/wp-content/themes/trad/assets/css/magnific-popup8a54.css]
[tradteleradiology.com/wp-content/themes/trad/assets/fonts/droidsans-webfont.woff2]
[tradteleradiology.com/wp-content/themes/trad/assets/fonts/droidsans-webfont.woff]
[tradteleradiology.com/wp-content/themes/trad/assets/images/close-icon-white.png]
[tradteleradiology.com/wp-content/themes/trad/assets/images/bg-footer.png]
[tradteleradiology.com/wp-content/themes/trad/assets/images/line-process.png]
[tradteleradiology.com/wp-content/themes/trad/assets/images/line-process2.png]
[tradteleradiology.com/wp-content/themes/trad/assets/images/pointer.png]
[tradteleradiology.com/wp-content/themes/trad/assets/css/theme0899.css]
[tradteleradiology.com/wp-content/themes/trad/assets/css/menu0899.css]
[tradteleradiology.com/wp-content/themes/trad/style0899.css]
[tradteleradiology.com/wp-content/plugins/js_composer/assets/vc/alert.png]
[tradteleradiology.com/wp-content/plugins/js_composer/assets/vc/info.png]
[tradteleradiology.com/wp-content/plugins/js_composer/assets/vc/tick.png]
[tradteleradiology.com/wp-content/plugins/js_composer/assets/vc/exclamation.png]
[tradteleradiology.com/wp-content/plugins/js_composer/assets/images/icons/address-book.png]
[tradteleradiology.com/wp-content/plugins/js_composer/assets/images/icons/alarm-clock.png]
[tradteleradiology.com/wp-content/plugins/js_composer/assets/images/icons/anchor.png]
[tradteleradiology.com/wp-content/plugins/js_composer/assets/images/icons/application-image.png]
[tradteleradiology.com/wp-content/plugins/js_composer/assets/images/icons/arrow.png]
[tradteleradiology.com/wp-content/plugins/js_composer/assets/images/icons/asterisk.png]
[tradteleradiology.com/wp-content/plugins/js_composer/assets/images/icons/auction-hammer.png]
[tradteleradiology.com/wp-content/plugins/js_composer/assets/images/icons/balloon.png]
[tradteleradiology.com/wp-content/plugins/js_composer/assets/images/icons/balloon-buzz.png]
[tradteleradiology.com/wp-content/plugins/js_composer/assets/images/icons/balloon-facebook.png]
[tradteleradiology.com/wp-content/plugins/js_composer/assets/images/icons/balloon-twitter.png]
[tradteleradiology.com/wp-content/plugins/js_composer/assets/images/icons/battery-full.png]
[tradteleradiology.com/wp-content/plugins/js_composer/assets/images/icons/binocular.png]
[tradteleradiology.com/wp-content/plugins/js_composer/assets/images/icons/blue-document-excel.png]
[tradteleradiology.com/wp-content/plugins/js_composer/assets/images/icons/blue-document-image.png]
[tradteleradiology.com/wp-content/plugins/js_composer/assets/images/icons/blue-document-music.png]
[tradteleradiology.com/wp-content/plugins/js_composer/assets/images/icons/blue-document-office.png]
[tradteleradiology.com/wp-content/plugins/js_composer/assets/images/icons/blue-document-pdf.png]
[tradteleradiology.com/wp-content/plugins/js_composer/assets/images/icons/blue-document-powerpoint.png]
[tradteleradiology.com/wp-content/plugins/js_composer/assets/images/icons/blue-document-word.png]
[tradteleradiology.com/wp-content/plugins/js_composer/assets/images/icons/bookmark.png]
[tradteleradiology.com/wp-content/plugins/js_composer/assets/images/icons/camcorder.png]
[tradteleradiology.com/wp-content/plugins/js_composer/assets/images/icons/camera.png]
[tradteleradiology.com/wp-content/plugins/js_composer/assets/images/icons/chart.png]
[tradteleradiology.com/wp-content/plugins/js_composer/assets/images/icons/chart-pie.png]
[tradteleradiology.com/wp-content/plugins/js_composer/assets/images/icons/clock.png]
[tradteleradiology.com/wp-content/plugins/js_composer/assets/images/icons/control.png]
[tradteleradiology.com/wp-content/plugins/js_composer/assets/images/icons/fire.png]
[tradteleradiology.com/wp-content/plugins/js_composer/assets/images/icons/heart.png]
[tradteleradiology.com/wp-content/plugins/js_composer/assets/images/icons/mail.png]
[tradteleradiology.com/wp-content/plugins/js_composer/assets/images/icons/plus-shield.png]
[tradteleradiology.com/wp-content/plugins/js_composer/assets/images/icons/video.png]
[tradteleradiology.com/wp-content/plugins/js_composer/assets/fonts/vc_icons_v3/fonts/vcpb-plugin-iconscd4b.eot]
[tradteleradiology.com/wp-content/plugins/js_composer/assets/fonts/vc_icons_v3/fonts/vcpb-plugin-iconscd4b.ttf]
[tradteleradiology.com/wp-content/plugins/js_composer/assets/fonts/vc_icons_v3/fonts/vcpb-plugin-iconscd4b.woff]
[tradteleradiology.com/wp-content/plugins/js_composer/assets/images/toggle_open.png]
[tradteleradiology.com/wp-content/plugins/js_composer/assets/images/toggle_close.png]
[tradteleradiology.com/wp-content/plugins/js_composer/assets/images/flickr.png]
[tradteleradiology.com/wp-content/plugins/js_composer/assets/fonts/vc_grid/vc_grid_v157a1.eot]
[tradteleradiology.com/wp-content/plugins/js_composer/assets/fonts/vc_grid/vc_grid_v1d41d.eot]
[tradteleradiology.com/wp-content/plugins/js_composer/assets/fonts/vc_grid/vc_grid_v157a1.woff]
[tradteleradiology.com/wp-content/plugins/js_composer/assets/fonts/vc_grid/vc_grid_v157a1.ttf]
[tradteleradiology.com/wp-content/plugins/js_composer/assets/images/spinner.gif]
[tradteleradiology.com/wp-content/plugins/js_composer/assets/vc/remove.png]
[tradteleradiology.com/wp-content/plugins/js_composer/assets/css/js_composer.mineba7.css]
[tradteleradiology.com/wp-json/index.html]
[tradteleradiology.com/wp-json/wp/v2/pages/509.html]
[tradteleradiology.com/wp-json/oembed/1.0/embedbcfe.html]
[tradteleradiology.com/wp-json/oembed/1.0/embedc2e5.html]
[localhost/wptest/wp-content/uploads/2019/10/bg-page-title.html]
[cdn.jsdelivr.net/npm/swiper@11/swiper-bundle.min.css]
[tradteleradiology.com/wp-content/plugins/js_composer/assets/lib/bower/animate-css/animate.mineba7.css]
[tradteleradiology.com/wp-content/plugins/revslider/public/assets/fonts/revicons/revicons90c6.eot]
[tradteleradiology.com/wp-content/plugins/revslider/public/assets/fonts/revicons/revicons90c6.woff]
[tradteleradiology.com/wp-content/plugins/revslider/public/assets/fonts/revicons/revicons90c6.ttf]
[tradteleradiology.com/wp-content/plugins/revslider/public/assets/assets/gridtile.png]
[tradteleradiology.com/wp-content/plugins/revslider/public/assets/assets/gridtile_white.png]
[tradteleradiology.com/wp-content/plugins/revslider/public/assets/assets/gridtile_3x3.png]
[tradteleradiology.com/wp-content/plugins/revslider/public/assets/assets/gridtile_3x3_white.png]
[tradteleradiology.com/wp-content/plugins/revslider/public/assets/assets/coloredbg.png]
[tradteleradiology.com/wp-content/plugins/revslider/public/assets/assets/loader.gif]
[tradteleradiology.com/wp-content/plugins/revslider/public/assets/css/rs6ec8f.css]
[tradteleradiology.com/wp-content/plugins/ctcore/assets/css/owl.video.play.html]
[tradteleradiology.com/wp-content/themes/trad/assets/fonts/fontawesome-webfont3e6e.svg]
[tradteleradiology.com/wp-content/themes/trad/assets/fonts/fontawesome/fa-brands-400.svg]
[tradteleradiology.com/wp-content/themes/trad/assets/fonts/fontawesome/fa-light-300.svg]
[tradteleradiology.com/wp-content/themes/trad/assets/fonts/fontawesome/fa-regular-400.svg]
[tradteleradiology.com/wp-content/themes/trad/assets/fonts/fontawesome/fa-solid-900.svg]
[tradteleradiology.com/wp-content/themes/trad/assets/fonts/Flaticon.svg]
[tradteleradiology.com/wp-content/themes/trad/assets/fonts/themify9f24.svg]
[tradteleradiology.com/wp-content/themes/trad/assets/fonts/et-line.svg]
[tradteleradiology.com/wp-content/themes/trad/assets/images/icon-call.html]
[tradteleradiology.com/wp-content/themes/trad/assets/images/dot-overlay.html]
[tradteleradiology.com/wp-content/themes/trad/assets/css/icons.html]
[tradteleradiology.com/wp-content/plugins/js_composer/assets/fonts/vc_icons_v3/fonts/vcpb-plugin-iconscd4b.svg]
[tradteleradiology.com/wp-content/plugins/js_composer/assets/vc/blur.svg]
[tradteleradiology.com/wp-content/plugins/js_composer/assets/fonts/vc_grid/vc_grid_v157a1.svg]
[tradteleradiology.com/wp-content/plugins/revslider/public/assets/fonts/revicons/revicons90c6.svg]
[tradteleradiology.com/wp-content/plugins/revslider/public/assets/css/openhand.html]
[tradteleradiology.com/wp-content/plugins/revslider/public/assets/css/closedhand.html]
